c:\Users\Ivan\Documents\FANSHAWE\COURSES\S6\JAVA_EE\Projects\casestudy\src\main\java\com\info5059\casestudy\CasestudyApplication.java
c:\Users\Ivan\Documents\FANSHAWE\COURSES\S6\JAVA_EE\Projects\casestudy\src\main\java\com\info5059\casestudy\vendor\VendorController.java
c:\Users\Ivan\Documents\FANSHAWE\COURSES\S6\JAVA_EE\Projects\casestudy\src\main\java\com\info5059\casestudy\product\QRCodeGenerator.java
c:\Users\Ivan\Documents\FANSHAWE\COURSES\S6\JAVA_EE\Projects\casestudy\src\main\java\com\info5059\casestudy\pdfexample\Controller.java
c:\Users\Ivan\Documents\FANSHAWE\COURSES\S6\JAVA_EE\Projects\casestudy\src\main\java\com\info5059\casestudy\purchase\PurchaseOrderPDFGenerator.java
c:\Users\Ivan\Documents\FANSHAWE\COURSES\S6\JAVA_EE\Projects\casestudy\src\main\java\com\info5059\casestudy\vendor\VendorRepository.java
c:\Users\Ivan\Documents\FANSHAWE\COURSES\S6\JAVA_EE\Projects\casestudy\src\main\java\com\info5059\casestudy\purchase\PurchaseOrderLineItem.java
c:\Users\Ivan\Documents\FANSHAWE\COURSES\S6\JAVA_EE\Projects\casestudy\src\main\java\com\info5059\casestudy\purchase\PurchaseOrderRepository.java
c:\Users\Ivan\Documents\FANSHAWE\COURSES\S6\JAVA_EE\Projects\casestudy\src\main\java\com\info5059\casestudy\purchase\PurchaseOrderDAO.java
c:\Users\Ivan\Documents\FANSHAWE\COURSES\S6\JAVA_EE\Projects\casestudy\src\main\java\com\info5059\casestudy\purchase\PurchaseOrder.java
c:\Users\Ivan\Documents\FANSHAWE\COURSES\S6\JAVA_EE\Projects\casestudy\src\main\java\com\info5059\casestudy\purchase\PurchaseOrderPDFController.java
c:\Users\Ivan\Documents\FANSHAWE\COURSES\S6\JAVA_EE\Projects\casestudy\src\main\java\com\info5059\casestudy\product\ProductController.java
c:\Users\Ivan\Documents\FANSHAWE\COURSES\S6\JAVA_EE\Projects\casestudy\src\main\java\com\info5059\casestudy\pdfexample\Generator.java
c:\Users\Ivan\Documents\FANSHAWE\COURSES\S6\JAVA_EE\Projects\casestudy\src\main\java\com\info5059\casestudy\product\Product.java
c:\Users\Ivan\Documents\FANSHAWE\COURSES\S6\JAVA_EE\Projects\casestudy\src\main\java\com\info5059\casestudy\product\ProductRepository.java
c:\Users\Ivan\Documents\FANSHAWE\COURSES\S6\JAVA_EE\Projects\casestudy\src\main\java\com\info5059\casestudy\purchase\PurchaseOrderController.java
c:\Users\Ivan\Documents\FANSHAWE\COURSES\S6\JAVA_EE\Projects\casestudy\src\main\java\com\info5059\casestudy\vendor\Vendor.java
c:\Users\Ivan\Documents\FANSHAWE\COURSES\S6\JAVA_EE\Projects\casestudy\src\main\java\com\info5059\casestudy\ViewController.java
